
Copyright (C) 1994-2021 Synopsys, Inc.
This Synopsys software and all associated documentation are proprietary to Synopsys, Inc.
and may only be used pursuant to the terms and conditions of a written license agreement
with Synopsys, Inc. All other use, reproduction, modification, or distribution of the
Synopsys software or the associated documentation is strictly prohibited.
Tool: HAPS (R) ProtoCompiler 100
Build: R-2020.12-SP1-1
Install: /usr/cadtool/csr5306/synopsys/protocomp/R-2020.12-SP1-1
OS: CentOS Linux 7 (Core)
Hostname: ws35
max virtual memory: unlimited (bytes)
max user processes: 4096
max stack size: 8388608 (bytes)


Database state : /home/u108/u108061119/synopsys/final_ver2/Adder_demo/|sr0
Synopsys Partitioner, Version map202012pcp4, Build 193R, Built Apr  8 2022 21:27:09, @4216327

##############################################################################
########################## TDM QUALIFIED NETS ##########################
##############################################################################
TDM Qualification type: all
Qualified Nets    Source FPGA  Sink FPGA(s)  Sink Instance        Driver Instance    Source Clock  Dest Clock  Clock Group      Slack    
---------------------------------------------------------------------------------------------------------------------------------------
sum[0]            FB1.uA       FB1.uB        sum[1:0].sum[0]      b[1:0].b[0]        System:r      System:r    system_clkgroup  997.526  
carry1            FB1.uA       FB1.uB        carry_out.carry_out  a[1:0].a[0]        System:r      System:r    system_clkgroup  995.089  
b_aptn_ft[0]      FB1.uB       FB1.uA        carry_out.carry_out  b[1:0].b[0]        System:r      System:r    system_clkgroup  995.089  
a_aptn_ft[0]      FB1.uB       FB1.uA        carry_out.carry_out  a[1:0].a[0]        System:r      System:r    system_clkgroup  995.089  
carry_in_aptn_ft  FB1.uB       FB1.uA        carry_out.carry_out  carry_in.carry_in  System:r      System:r    system_clkgroup  995.089  
=======================================================================================================================================
